#! /c/Source/iverilog-install/bin/vvp
:ivl_version "14.0 (devel)";
:ivl_delay_selection "TYPICAL";
:vpi_time_precision - 12;
:vpi_module "C:\iverilog\lib\ivl\system.vpi";
:vpi_module "C:\iverilog\lib\ivl\vhdl_sys.vpi";
:vpi_module "C:\iverilog\lib\ivl\vhdl_textio.vpi";
:vpi_module "C:\iverilog\lib\ivl\v2005_math.vpi";
:vpi_module "C:\iverilog\lib\ivl\va_math.vpi";
S_0000015E5D0AC240 .scope module, "tb_soc_top" "tb_soc_top" 2 3;
 .timescale -9 -12;
v0000015E5D26DB60_0 .net "HEX0", 6 0, v0000015E5D17E790_0;  1 drivers
v0000015E5D26CF80_0 .net "HEX1", 6 0, v0000015E5D17E970_0;  1 drivers
v0000015E5D26E100_0 .var "KEY", 1 0;
v0000015E5D26CBC0_0 .net "LEDR", 9 0, L_0000015E5D12BD60;  1 drivers
v0000015E5D26CD00_0 .var "MAX10_CLK1_50", 0 0;
v0000015E5D26CC60_0 .var "SW", 9 0;
S_0000015E5D0AC3D0 .scope module, "uut" "soc_top" 2 12, 3 1 0, S_0000015E5D0AC240;
 .timescale -9 -12;
    .port_info 0 /INPUT 1 "MAX10_CLK1_50";
    .port_info 1 /INPUT 2 "KEY";
    .port_info 2 /INPUT 10 "SW";
    .port_info 3 /OUTPUT 10 "LEDR";
    .port_info 4 /OUTPUT 7 "HEX0";
    .port_info 5 /OUTPUT 7 "HEX1";
L_0000015E5D12BCF0 .functor BUFZ 1, v0000015E5D26CD00_0, C4<0>, C4<0>, C4<0>;
L_0000015E5D12B6D0 .functor NOT 1, L_0000015E5D26D200, C4<0>, C4<0>, C4<0>;
L_0000015E5D12BD60 .functor BUFZ 10, v0000015E5D26E1A0_0, C4<0000000000>, C4<0000000000>, C4<0000000000>;
L_0000015E5D12BDD0 .functor AND 1, v0000015E5D139600_0, L_0000015E5D2CA1E0, C4<1>, C4<1>;
v0000015E5D26DE80_0 .net "HEX0", 6 0, v0000015E5D17E790_0;  alias, 1 drivers
v0000015E5D26CB20_0 .net "HEX1", 6 0, v0000015E5D17E970_0;  alias, 1 drivers
v0000015E5D26E2E0_0 .net "KEY", 1 0, v0000015E5D26E100_0;  1 drivers
v0000015E5D26D0C0_0 .net "LEDR", 9 0, L_0000015E5D12BD60;  alias, 1 drivers
v0000015E5D26D020_0 .net "MAX10_CLK1_50", 0 0, v0000015E5D26CD00_0;  1 drivers
v0000015E5D26E380_0 .net "SW", 9 0, v0000015E5D26CC60_0;  1 drivers
L_0000015E5D26EC20 .functor BUFT 1, C4<10000000000000000000000000001000>, C4<0>, C4<0>, C4<0>;
v0000015E5D26D8E0_0 .net/2u *"_ivl_14", 31 0, L_0000015E5D26EC20;  1 drivers
v0000015E5D26E240_0 .net *"_ivl_16", 0 0, L_0000015E5D2C9880;  1 drivers
L_0000015E5D26EC68 .functor BUFT 1, C4<0000000000000000000000>, C4<0>, C4<0>, C4<0>;
v0000015E5D26D7A0_0 .net/2u *"_ivl_18", 21 0, L_0000015E5D26EC68;  1 drivers
v0000015E5D26E420_0 .net *"_ivl_20", 31 0, L_0000015E5D2CA0A0;  1 drivers
v0000015E5D26CEE0_0 .net *"_ivl_3", 0 0, L_0000015E5D26D200;  1 drivers
L_0000015E5D26EB90 .functor BUFT 1, C4<00000000000000000001000000000000>, C4<0>, C4<0>, C4<0>;
v0000015E5D26CDA0_0 .net/2u *"_ivl_8", 31 0, L_0000015E5D26EB90;  1 drivers
v0000015E5D26DAC0_0 .net "clk", 0 0, L_0000015E5D12BCF0;  1 drivers
o0000015E5D144098 .functor BUFZ 32, c4<zzzzzzzzzzzzzzzzzzzzzzzzzzzzzzzz>; HiZ drive
v0000015E5D26E4C0_0 .net "instr", 31 0, o0000015E5D144098;  0 drivers
v0000015E5D26D160_0 .net "is_ram_addr", 0 0, L_0000015E5D2CA1E0;  1 drivers
v0000015E5D26D3E0_0 .net "mem_addr", 31 0, v0000015E5D13A280_0;  1 drivers
v0000015E5D26E600_0 .net "mem_read_data", 31 0, L_0000015E5D2C9420;  1 drivers
v0000015E5D26CA80_0 .net "mem_read_en", 0 0, v0000015E5D13A6E0_0;  1 drivers
v0000015E5D26E6A0_0 .net "mem_write_data", 31 0, L_0000015E5D12B510;  1 drivers
v0000015E5D26E740_0 .net "mem_write_en", 0 0, v0000015E5D139600_0;  1 drivers
v0000015E5D26CE40_0 .net "pc", 31 0, L_0000015E5D12BA50;  1 drivers
v0000015E5D26D980_0 .net "ram_read_data", 31 0, L_0000015E5D12B190;  1 drivers
v0000015E5D26E7E0_0 .net "ram_write_en", 0 0, L_0000015E5D12BDD0;  1 drivers
v0000015E5D26C940_0 .var "reg_hex", 31 0;
v0000015E5D26E1A0_0 .var "reg_leds", 9 0;
v0000015E5D26C9E0_0 .net "rst", 0 0, L_0000015E5D12B6D0;  1 drivers
L_0000015E5D26D200 .part v0000015E5D26E100_0, 0, 1;
L_0000015E5D2CA1E0 .cmp/gt 32, L_0000015E5D26EB90, v0000015E5D13A280_0;
L_0000015E5D2C9880 .cmp/eq 32, v0000015E5D13A280_0, L_0000015E5D26EC20;
L_0000015E5D2CA0A0 .concat [ 10 22 0 0], v0000015E5D26CC60_0, L_0000015E5D26EC68;
L_0000015E5D2C9420 .functor MUXZ 32, L_0000015E5D12B190, L_0000015E5D2CA0A0, L_0000015E5D2C9880, C4<>;
L_0000015E5D2C9C40 .part v0000015E5D26C940_0, 0, 4;
L_0000015E5D2C8C00 .part v0000015E5D26C940_0, 4, 4;
S_0000015E5D0AC560 .scope module, "cpu" "riscv_top" 3 23, 4 1 0, S_0000015E5D0AC3D0;
 .timescale -9 -12;
    .port_info 0 /INPUT 1 "clk";
    .port_info 1 /INPUT 1 "rst";
    .port_info 2 /OUTPUT 32 "pc_out";
    .port_info 3 /INPUT 32 "instr";
    .port_info 4 /OUTPUT 32 "alu_result";
    .port_info 5 /OUTPUT 32 "mem_data_write";
    .port_info 6 /INPUT 32 "mem_data_read";
    .port_info 7 /OUTPUT 1 "mem_read";
    .port_info 8 /OUTPUT 1 "mem_write";
L_0000015E5D12B120 .functor AND 1, v0000015E5D139F60_0, L_0000015E5D2CA320, C4<1>, C4<1>;
L_0000015E5D12BA50 .functor BUFZ 32, v0000015E5D13A460_0, C4<00000000000000000000000000000000>, C4<00000000000000000000000000000000>, C4<00000000000000000000000000000000>;
L_0000015E5D12B510 .functor BUFZ 32, L_0000015E5D26DD40, C4<00000000000000000000000000000000>, C4<00000000000000000000000000000000>, C4<00000000000000000000000000000000>;
L_0000015E5D26E908 .functor BUFT 1, C4<00000000000000000000000000000100>, C4<0>, C4<0>, C4<0>;
v0000015E5D17DB10_0 .net/2u *"_ivl_0", 31 0, L_0000015E5D26E908;  1 drivers
v0000015E5D17E830_0 .net *"_ivl_17", 6 0, L_0000015E5D26D660;  1 drivers
L_0000015E5D26E950 .functor BUFT 1, C4<0>, C4<0>, C4<0>, C4<0>;
v0000015E5D17D930_0 .net *"_ivl_21", 0 0, L_0000015E5D26E950;  1 drivers
v0000015E5D17DC50_0 .net *"_ivl_7", 0 0, L_0000015E5D12B120;  1 drivers
v0000015E5D17CDF0_0 .net "alu_b", 31 0, L_0000015E5D2C8A20;  1 drivers
v0000015E5D17CC10_0 .net "alu_ctrl", 3 0, v0000015E5D13A1E0_0;  1 drivers
v0000015E5D17D610_0 .net "alu_result", 31 0, v0000015E5D13A280_0;  alias, 1 drivers
v0000015E5D17E290_0 .net "alu_src", 0 0, v0000015E5D13A0A0_0;  1 drivers
v0000015E5D17DF70_0 .net "branch", 0 0, v0000015E5D139F60_0;  1 drivers
v0000015E5D17D110_0 .net "clk", 0 0, L_0000015E5D12BCF0;  alias, 1 drivers
v0000015E5D17DBB0_0 .net "imm", 31 0, v0000015E5D13A820_0;  1 drivers
v0000015E5D17CCB0_0 .net "instr", 31 0, o0000015E5D144098;  alias, 0 drivers
v0000015E5D17DCF0_0 .net "mem_data_read", 31 0, L_0000015E5D2C9420;  alias, 1 drivers
v0000015E5D17E330_0 .net "mem_data_write", 31 0, L_0000015E5D12B510;  alias, 1 drivers
v0000015E5D17E470_0 .net "mem_read", 0 0, v0000015E5D13A6E0_0;  alias, 1 drivers
v0000015E5D17E8D0_0 .net "mem_to_reg", 0 0, v0000015E5D13AB40_0;  1 drivers
v0000015E5D17DD90_0 .net "mem_write", 0 0, v0000015E5D139600_0;  alias, 1 drivers
v0000015E5D17DE30_0 .net "pc_branch", 31 0, L_0000015E5D26DF20;  1 drivers
v0000015E5D17E3D0_0 .net "pc_current", 31 0, v0000015E5D13A460_0;  1 drivers
v0000015E5D17E5B0_0 .net "pc_next", 31 0, L_0000015E5D26D340;  1 drivers
v0000015E5D17DED0_0 .net "pc_out", 31 0, L_0000015E5D12BA50;  alias, 1 drivers
v0000015E5D17E010_0 .net "pc_plus_4", 31 0, L_0000015E5D26D2A0;  1 drivers
v0000015E5D17CE90_0 .net "reg_write", 0 0, v0000015E5D13A780_0;  1 drivers
v0000015E5D17D890_0 .net "reg_write_data", 31 0, L_0000015E5D26D520;  1 drivers
v0000015E5D17CF30_0 .net "rs1_data", 31 0, L_0000015E5D26DA20;  1 drivers
v0000015E5D17E0B0_0 .net "rs2_data", 31 0, L_0000015E5D26DD40;  1 drivers
v0000015E5D17D1B0_0 .net "rst", 0 0, L_0000015E5D12B6D0;  alias, 1 drivers
v0000015E5D17E150_0 .net "zero", 0 0, L_0000015E5D2CA320;  1 drivers
L_0000015E5D26D2A0 .arith/sum 32, v0000015E5D13A460_0, L_0000015E5D26E908;
L_0000015E5D26DF20 .arith/sum 32, v0000015E5D13A460_0, v0000015E5D13A820_0;
L_0000015E5D26D340 .functor MUXZ 32, L_0000015E5D26D2A0, L_0000015E5D26DF20, L_0000015E5D12B120, C4<>;
L_0000015E5D26E060 .part o0000015E5D144098, 0, 7;
L_0000015E5D26D840 .part o0000015E5D144098, 12, 3;
L_0000015E5D26D660 .part o0000015E5D144098, 25, 7;
L_0000015E5D26D480 .concat [ 7 1 0 0], L_0000015E5D26D660, L_0000015E5D26E950;
L_0000015E5D26D520 .functor MUXZ 32, v0000015E5D13A280_0, L_0000015E5D2C9420, v0000015E5D13AB40_0, C4<>;
L_0000015E5D2C9060 .part o0000015E5D144098, 15, 5;
L_0000015E5D2C97E0 .part o0000015E5D144098, 20, 5;
L_0000015E5D2C8FC0 .part o0000015E5D144098, 7, 5;
L_0000015E5D2C8A20 .functor MUXZ 32, L_0000015E5D26DD40, v0000015E5D13A820_0, v0000015E5D13A0A0_0, C4<>;
S_0000015E5D0EB530 .scope module, "alu_inst" "alu" 4 62, 5 1 0, S_0000015E5D0AC560;
 .timescale -9 -12;
    .port_info 0 /INPUT 32 "a";
    .port_info 1 /INPUT 32 "b";
    .port_info 2 /INPUT 4 "alu_ctrl";
    .port_info 3 /OUTPUT 32 "result";
    .port_info 4 /OUTPUT 1 "zero";
L_0000015E5D26EB48 .functor BUFT 1, C4<00000000000000000000000000000000>, C4<0>, C4<0>, C4<0>;
v0000015E5D13AF00_0 .net/2u *"_ivl_0", 31 0, L_0000015E5D26EB48;  1 drivers
v0000015E5D13AD20_0 .net "a", 31 0, L_0000015E5D26DA20;  alias, 1 drivers
v0000015E5D13B040_0 .net "alu_ctrl", 3 0, v0000015E5D13A1E0_0;  alias, 1 drivers
v0000015E5D13A000_0 .net "b", 31 0, L_0000015E5D2C8A20;  alias, 1 drivers
v0000015E5D13A280_0 .var "result", 31 0;
v0000015E5D1397E0_0 .net "zero", 0 0, L_0000015E5D2CA320;  alias, 1 drivers
E_0000015E5D137510 .event anyedge, v0000015E5D13B040_0, v0000015E5D13AD20_0, v0000015E5D13A000_0;
L_0000015E5D2CA320 .cmp/eq 32, v0000015E5D13A280_0, L_0000015E5D26EB48;
S_0000015E5D0EB6C0 .scope module, "control_inst" "control_unit" 4 32, 6 1 0, S_0000015E5D0AC560;
 .timescale -9 -12;
    .port_info 0 /INPUT 7 "opcode";
    .port_info 1 /INPUT 3 "funct3";
    .port_info 2 /INPUT 8 "funct7";
    .port_info 3 /OUTPUT 1 "reg_write";
    .port_info 4 /OUTPUT 1 "alu_src";
    .port_info 5 /OUTPUT 1 "mem_to_reg";
    .port_info 6 /OUTPUT 1 "mem_write";
    .port_info 7 /OUTPUT 1 "mem_read";
    .port_info 8 /OUTPUT 1 "branch";
    .port_info 9 /OUTPUT 4 "alu_ctrl";
v0000015E5D13A1E0_0 .var "alu_ctrl", 3 0;
v0000015E5D13A0A0_0 .var "alu_src", 0 0;
v0000015E5D139F60_0 .var "branch", 0 0;
v0000015E5D13B360_0 .net "funct3", 2 0, L_0000015E5D26D840;  1 drivers
v0000015E5D13A5A0_0 .net "funct7", 7 0, L_0000015E5D26D480;  1 drivers
v0000015E5D13A6E0_0 .var "mem_read", 0 0;
v0000015E5D13AB40_0 .var "mem_to_reg", 0 0;
v0000015E5D139600_0 .var "mem_write", 0 0;
v0000015E5D13A320_0 .net "opcode", 6 0, L_0000015E5D26E060;  1 drivers
v0000015E5D13A780_0 .var "reg_write", 0 0;
E_0000015E5D137B10 .event anyedge, v0000015E5D13A320_0, v0000015E5D13B360_0, v0000015E5D13A5A0_0;
S_0000015E5D0EB850 .scope module, "imm_gen_inst" "imm_gen" 4 56, 7 1 0, S_0000015E5D0AC560;
 .timescale -9 -12;
    .port_info 0 /INPUT 32 "instr";
    .port_info 1 /OUTPUT 32 "imm";
v0000015E5D13A820_0 .var "imm", 31 0;
v0000015E5D139BA0_0 .net "instr", 31 0, o0000015E5D144098;  alias, 0 drivers
E_0000015E5D137590 .event anyedge, v0000015E5D139BA0_0;
S_0000015E5D105E30 .scope module, "pc_inst" "pc" 4 26, 8 1 0, S_0000015E5D0AC560;
 .timescale -9 -12;
    .port_info 0 /INPUT 1 "clk";
    .port_info 1 /INPUT 1 "rst";
    .port_info 2 /INPUT 32 "next_pc";
    .port_info 3 /OUTPUT 32 "pc";
v0000015E5D13A3C0_0 .net "clk", 0 0, L_0000015E5D12BCF0;  alias, 1 drivers
v0000015E5D1394C0_0 .net "next_pc", 31 0, L_0000015E5D26D340;  alias, 1 drivers
v0000015E5D13A460_0 .var "pc", 31 0;
v0000015E5D13ABE0_0 .net "rst", 0 0, L_0000015E5D12B6D0;  alias, 1 drivers
E_0000015E5D138410 .event posedge, v0000015E5D13ABE0_0, v0000015E5D13A3C0_0;
S_0000015E5D105FC0 .scope module, "reg_file_inst" "reg_file" 4 45, 9 1 0, S_0000015E5D0AC560;
 .timescale -9 -12;
    .port_info 0 /INPUT 1 "clk";
    .port_info 1 /INPUT 1 "rst";
    .port_info 2 /INPUT 1 "reg_write";
    .port_info 3 /INPUT 5 "rs1_addr";
    .port_info 4 /INPUT 5 "rs2_addr";
    .port_info 5 /INPUT 5 "rd_addr";
    .port_info 6 /INPUT 32 "write_data";
    .port_info 7 /OUTPUT 32 "rs1_data";
    .port_info 8 /OUTPUT 32 "rs2_data";
L_0000015E5D26E998 .functor BUFT 1, C4<00000>, C4<0>, C4<0>, C4<0>;
v0000015E5D13AC80_0 .net/2u *"_ivl_0", 4 0, L_0000015E5D26E998;  1 drivers
L_0000015E5D26EA28 .functor BUFT 1, C4<00>, C4<0>, C4<0>, C4<0>;
v0000015E5D13B0E0_0 .net *"_ivl_11", 1 0, L_0000015E5D26EA28;  1 drivers
L_0000015E5D26EA70 .functor BUFT 1, C4<00000>, C4<0>, C4<0>, C4<0>;
v0000015E5D139560_0 .net/2u *"_ivl_14", 4 0, L_0000015E5D26EA70;  1 drivers
v0000015E5D139C40_0 .net *"_ivl_16", 0 0, L_0000015E5D26DFC0;  1 drivers
L_0000015E5D26EAB8 .functor BUFT 1, C4<00000000000000000000000000000000>, C4<0>, C4<0>, C4<0>;
v0000015E5D13B220_0 .net/2u *"_ivl_18", 31 0, L_0000015E5D26EAB8;  1 drivers
v0000015E5D1396A0_0 .net *"_ivl_2", 0 0, L_0000015E5D26D5C0;  1 drivers
v0000015E5D139740_0 .net *"_ivl_20", 31 0, L_0000015E5D26DC00;  1 drivers
v0000015E5D139880_0 .net *"_ivl_22", 6 0, L_0000015E5D26DCA0;  1 drivers
L_0000015E5D26EB00 .functor BUFT 1, C4<00>, C4<0>, C4<0>, C4<0>;
v0000015E5D139CE0_0 .net *"_ivl_25", 1 0, L_0000015E5D26EB00;  1 drivers
L_0000015E5D26E9E0 .functor BUFT 1, C4<00000000000000000000000000000000>, C4<0>, C4<0>, C4<0>;
v0000015E5D139D80_0 .net/2u *"_ivl_4", 31 0, L_0000015E5D26E9E0;  1 drivers
v0000015E5D139EC0_0 .net *"_ivl_6", 31 0, L_0000015E5D26DDE0;  1 drivers
v0000015E5D139E20_0 .net *"_ivl_8", 6 0, L_0000015E5D26D700;  1 drivers
v0000015E5D1290C0_0 .net "clk", 0 0, L_0000015E5D12BCF0;  alias, 1 drivers
v0000015E5D129340_0 .var/i "i", 31 0;
v0000015E5D17D250_0 .net "rd_addr", 4 0, L_0000015E5D2C8FC0;  1 drivers
v0000015E5D17E510_0 .net "reg_write", 0 0, v0000015E5D13A780_0;  alias, 1 drivers
v0000015E5D17E650 .array "registers", 0 31, 31 0;
v0000015E5D17E6F0_0 .net "rs1_addr", 4 0, L_0000015E5D2C9060;  1 drivers
v0000015E5D17D9D0_0 .net "rs1_data", 31 0, L_0000015E5D26DA20;  alias, 1 drivers
v0000015E5D17D570_0 .net "rs2_addr", 4 0, L_0000015E5D2C97E0;  1 drivers
v0000015E5D17CD50_0 .net "rs2_data", 31 0, L_0000015E5D26DD40;  alias, 1 drivers
v0000015E5D17DA70_0 .net "rst", 0 0, L_0000015E5D12B6D0;  alias, 1 drivers
v0000015E5D17CB70_0 .net "write_data", 31 0, L_0000015E5D26D520;  alias, 1 drivers
L_0000015E5D26D5C0 .cmp/eq 5, L_0000015E5D2C9060, L_0000015E5D26E998;
L_0000015E5D26DDE0 .array/port v0000015E5D17E650, L_0000015E5D26D700;
L_0000015E5D26D700 .concat [ 5 2 0 0], L_0000015E5D2C9060, L_0000015E5D26EA28;
L_0000015E5D26DA20 .functor MUXZ 32, L_0000015E5D26DDE0, L_0000015E5D26E9E0, L_0000015E5D26D5C0, C4<>;
L_0000015E5D26DFC0 .cmp/eq 5, L_0000015E5D2C97E0, L_0000015E5D26EA70;
L_0000015E5D26DC00 .array/port v0000015E5D17E650, L_0000015E5D26DCA0;
L_0000015E5D26DCA0 .concat [ 5 2 0 0], L_0000015E5D2C97E0, L_0000015E5D26EB00;
L_0000015E5D26DD40 .functor MUXZ 32, L_0000015E5D26DC00, L_0000015E5D26EAB8, L_0000015E5D26DFC0, C4<>;
S_0000015E5D106150 .scope module, "hex0_inst" "hex_decoder" 3 56, 10 1 0, S_0000015E5D0AC3D0;
 .timescale -9 -12;
    .port_info 0 /INPUT 4 "hex_digit";
    .port_info 1 /OUTPUT 7 "seg";
v0000015E5D17E1F0_0 .net "hex_digit", 3 0, L_0000015E5D2C9C40;  1 drivers
v0000015E5D17E790_0 .var "seg", 6 0;
E_0000015E5D137B90 .event anyedge, v0000015E5D17E1F0_0;
S_0000015E5D17EB30 .scope module, "hex1_inst" "hex_decoder" 3 57, 10 1 0, S_0000015E5D0AC3D0;
 .timescale -9 -12;
    .port_info 0 /INPUT 4 "hex_digit";
    .port_info 1 /OUTPUT 7 "seg";
v0000015E5D17D6B0_0 .net "hex_digit", 3 0, L_0000015E5D2C8C00;  1 drivers
v0000015E5D17E970_0 .var "seg", 6 0;
E_0000015E5D1378D0 .event anyedge, v0000015E5D17D6B0_0;
S_0000015E5D17ECC0 .scope module, "ram" "memory" 3 37, 11 1 0, S_0000015E5D0AC3D0;
 .timescale -9 -12;
    .port_info 0 /INPUT 1 "clk";
    .port_info 1 /INPUT 1 "write_en";
    .port_info 2 /INPUT 32 "addr";
    .port_info 3 /INPUT 32 "write_data";
    .port_info 4 /OUTPUT 32 "read_data";
L_0000015E5D12B190 .functor BUFZ 32, L_0000015E5D2CA5A0, C4<00000000000000000000000000000000>, C4<00000000000000000000000000000000>, C4<00000000000000000000000000000000>;
v0000015E5D17EA10_0 .net *"_ivl_0", 31 0, L_0000015E5D2CA5A0;  1 drivers
v0000015E5D17CFD0_0 .net *"_ivl_3", 9 0, L_0000015E5D2C8980;  1 drivers
v0000015E5D17D070_0 .net *"_ivl_4", 11 0, L_0000015E5D2CA140;  1 drivers
L_0000015E5D26EBD8 .functor BUFT 1, C4<00>, C4<0>, C4<0>, C4<0>;
v0000015E5D17D2F0_0 .net *"_ivl_7", 1 0, L_0000015E5D26EBD8;  1 drivers
v0000015E5D17D750_0 .net "addr", 31 0, v0000015E5D13A280_0;  alias, 1 drivers
v0000015E5D17D390_0 .net "clk", 0 0, L_0000015E5D12BCF0;  alias, 1 drivers
v0000015E5D17D430 .array "ram", 1023 0, 31 0;
v0000015E5D17D4D0_0 .net "read_data", 31 0, L_0000015E5D12B190;  alias, 1 drivers
v0000015E5D17D7F0_0 .net "write_data", 31 0, L_0000015E5D12B510;  alias, 1 drivers
v0000015E5D26E560_0 .net "write_en", 0 0, L_0000015E5D12BDD0;  alias, 1 drivers
E_0000015E5D137E10 .event posedge, v0000015E5D13A3C0_0;
L_0000015E5D2CA5A0 .array/port v0000015E5D17D430, L_0000015E5D2CA140;
L_0000015E5D2C8980 .part v0000015E5D13A280_0, 2, 10;
L_0000015E5D2CA140 .concat [ 10 2 0 0], L_0000015E5D2C8980, L_0000015E5D26EBD8;
    .scope S_0000015E5D105E30;
T_0 ;
    %wait E_0000015E5D138410;
    %load/vec4 v0000015E5D13ABE0_0;
    %flag_set/vec4 8;
    %jmp/0xz  T_0.0, 8;
    %pushi/vec4 0, 0, 32;
    %assign/vec4 v0000015E5D13A460_0, 0;
    %jmp T_0.1;
T_0.0 ;
    %load/vec4 v0000015E5D1394C0_0;
    %assign/vec4 v0000015E5D13A460_0, 0;
T_0.1 ;
    %jmp T_0;
    .thread T_0;
    .scope S_0000015E5D0EB6C0;
T_1 ;
    %wait E_0000015E5D137B10;
    %pushi/vec4 0, 0, 1;
    %store/vec4 v0000015E5D13A780_0, 0, 1;
    %pushi/vec4 0, 0, 1;
    %store/vec4 v0000015E5D13A0A0_0, 0, 1;
    %pushi/vec4 0, 0, 1;
    %store/vec4 v0000015E5D13AB40_0, 0, 1;
    %pushi/vec4 0, 0, 1;
    %store/vec4 v0000015E5D139600_0, 0, 1;
    %pushi/vec4 0, 0, 1;
    %store/vec4 v0000015E5D13A6E0_0, 0, 1;
    %pushi/vec4 0, 0, 1;
    %store/vec4 v0000015E5D139F60_0, 0, 1;
    %pushi/vec4 0, 0, 4;
    %store/vec4 v0000015E5D13A1E0_0, 0, 4;
    %load/vec4 v0000015E5D13A320_0;
    %dup/vec4;
    %pushi/vec4 51, 0, 7;
    %cmp/e;
    %jmp/1 T_1.0, 6;
    %dup/vec4;
    %pushi/vec4 19, 0, 7;
    %cmp/e;
    %jmp/1 T_1.1, 6;
    %dup/vec4;
    %pushi/vec4 3, 0, 7;
    %cmp/e;
    %jmp/1 T_1.2, 6;
    %dup/vec4;
    %pushi/vec4 35, 0, 7;
    %cmp/e;
    %jmp/1 T_1.3, 6;
    %dup/vec4;
    %pushi/vec4 99, 0, 7;
    %cmp/e;
    %jmp/1 T_1.4, 6;
    %jmp T_1.6;
T_1.0 ;
    %pushi/vec4 1, 0, 1;
    %store/vec4 v0000015E5D13A780_0, 0, 1;
    %pushi/vec4 0, 0, 1;
    %store/vec4 v0000015E5D13A0A0_0, 0, 1;
    %load/vec4 v0000015E5D13B360_0;
    %dup/vec4;
    %pushi/vec4 0, 0, 3;
    %cmp/e;
    %jmp/1 T_1.7, 6;
    %dup/vec4;
    %pushi/vec4 1, 0, 3;
    %cmp/e;
    %jmp/1 T_1.8, 6;
    %dup/vec4;
    %pushi/vec4 2, 0, 3;
    %cmp/e;
    %jmp/1 T_1.9, 6;
    %dup/vec4;
    %pushi/vec4 4, 0, 3;
    %cmp/e;
    %jmp/1 T_1.10, 6;
    %dup/vec4;
    %pushi/vec4 5, 0, 3;
    %cmp/e;
    %jmp/1 T_1.11, 6;
    %dup/vec4;
    %pushi/vec4 6, 0, 3;
    %cmp/e;
    %jmp/1 T_1.12, 6;
    %dup/vec4;
    %pushi/vec4 7, 0, 3;
    %cmp/e;
    %jmp/1 T_1.13, 6;
    %pushi/vec4 0, 0, 4;
    %store/vec4 v0000015E5D13A1E0_0, 0, 4;
    %jmp T_1.15;
T_1.7 ;
    %load/vec4 v0000015E5D13A5A0_0;
    %parti/s 1, 5, 4;
    %flag_set/vec4 8;
    %jmp/0 T_1.16, 8;
    %pushi/vec4 1, 0, 4;
    %jmp/1 T_1.17, 8;
T_1.16 ; End of true expr.
    %pushi/vec4 0, 0, 4;
    %jmp/0 T_1.17, 8;
 ; End of false expr.
    %blend;
T_1.17;
    %store/vec4 v0000015E5D13A1E0_0, 0, 4;
    %jmp T_1.15;
T_1.8 ;
    %pushi/vec4 5, 0, 4;
    %store/vec4 v0000015E5D13A1E0_0, 0, 4;
    %jmp T_1.15;
T_1.9 ;
    %pushi/vec4 8, 0, 4;
    %store/vec4 v0000015E5D13A1E0_0, 0, 4;
    %jmp T_1.15;
T_1.10 ;
    %pushi/vec4 4, 0, 4;
    %store/vec4 v0000015E5D13A1E0_0, 0, 4;
    %jmp T_1.15;
T_1.11 ;
    %load/vec4 v0000015E5D13A5A0_0;
    %parti/s 1, 5, 4;
    %flag_set/vec4 8;
    %jmp/0 T_1.18, 8;
    %pushi/vec4 7, 0, 4;
    %jmp/1 T_1.19, 8;
T_1.18 ; End of true expr.
    %pushi/vec4 6, 0, 4;
    %jmp/0 T_1.19, 8;
 ; End of false expr.
    %blend;
T_1.19;
    %store/vec4 v0000015E5D13A1E0_0, 0, 4;
    %jmp T_1.15;
T_1.12 ;
    %pushi/vec4 3, 0, 4;
    %store/vec4 v0000015E5D13A1E0_0, 0, 4;
    %jmp T_1.15;
T_1.13 ;
    %pushi/vec4 2, 0, 4;
    %store/vec4 v0000015E5D13A1E0_0, 0, 4;
    %jmp T_1.15;
T_1.15 ;
    %pop/vec4 1;
    %jmp T_1.6;
T_1.1 ;
    %pushi/vec4 1, 0, 1;
    %store/vec4 v0000015E5D13A780_0, 0, 1;
    %pushi/vec4 1, 0, 1;
    %store/vec4 v0000015E5D13A0A0_0, 0, 1;
    %load/vec4 v0000015E5D13B360_0;
    %dup/vec4;
    %pushi/vec4 0, 0, 3;
    %cmp/e;
    %jmp/1 T_1.20, 6;
    %dup/vec4;
    %pushi/vec4 4, 0, 3;
    %cmp/e;
    %jmp/1 T_1.21, 6;
    %dup/vec4;
    %pushi/vec4 6, 0, 3;
    %cmp/e;
    %jmp/1 T_1.22, 6;
    %dup/vec4;
    %pushi/vec4 7, 0, 3;
    %cmp/e;
    %jmp/1 T_1.23, 6;
    %pushi/vec4 0, 0, 4;
    %store/vec4 v0000015E5D13A1E0_0, 0, 4;
    %jmp T_1.25;
T_1.20 ;
    %pushi/vec4 0, 0, 4;
    %store/vec4 v0000015E5D13A1E0_0, 0, 4;
    %jmp T_1.25;
T_1.21 ;
    %pushi/vec4 4, 0, 4;
    %store/vec4 v0000015E5D13A1E0_0, 0, 4;
    %jmp T_1.25;
T_1.22 ;
    %pushi/vec4 3, 0, 4;
    %store/vec4 v0000015E5D13A1E0_0, 0, 4;
    %jmp T_1.25;
T_1.23 ;
    %pushi/vec4 2, 0, 4;
    %store/vec4 v0000015E5D13A1E0_0, 0, 4;
    %jmp T_1.25;
T_1.25 ;
    %pop/vec4 1;
    %jmp T_1.6;
T_1.2 ;
    %pushi/vec4 1, 0, 1;
    %store/vec4 v0000015E5D13A780_0, 0, 1;
    %pushi/vec4 1, 0, 1;
    %store/vec4 v0000015E5D13A0A0_0, 0, 1;
    %pushi/vec4 1, 0, 1;
    %store/vec4 v0000015E5D13AB40_0, 0, 1;
    %pushi/vec4 1, 0, 1;
    %store/vec4 v0000015E5D13A6E0_0, 0, 1;
    %pushi/vec4 0, 0, 4;
    %store/vec4 v0000015E5D13A1E0_0, 0, 4;
    %jmp T_1.6;
T_1.3 ;
    %pushi/vec4 1, 0, 1;
    %store/vec4 v0000015E5D13A0A0_0, 0, 1;
    %pushi/vec4 1, 0, 1;
    %store/vec4 v0000015E5D139600_0, 0, 1;
    %pushi/vec4 0, 0, 4;
    %store/vec4 v0000015E5D13A1E0_0, 0, 4;
    %jmp T_1.6;
T_1.4 ;
    %pushi/vec4 1, 0, 1;
    %store/vec4 v0000015E5D139F60_0, 0, 1;
    %pushi/vec4 0, 0, 1;
    %store/vec4 v0000015E5D13A0A0_0, 0, 1;
    %pushi/vec4 1, 0, 4;
    %store/vec4 v0000015E5D13A1E0_0, 0, 4;
    %jmp T_1.6;
T_1.6 ;
    %pop/vec4 1;
    %jmp T_1;
    .thread T_1, $push;
    .scope S_0000015E5D105FC0;
T_2 ;
    %wait E_0000015E5D138410;
    %load/vec4 v0000015E5D17DA70_0;
    %flag_set/vec4 8;
    %jmp/0xz  T_2.0, 8;
    %pushi/vec4 0, 0, 32;
    %store/vec4 v0000015E5D129340_0, 0, 32;
T_2.2 ; Top of for-loop
    %load/vec4 v0000015E5D129340_0;
    %cmpi/s 32, 0, 32;
	  %jmp/0xz T_2.3, 5;
    %pushi/vec4 0, 0, 32;
    %ix/getv/s 3, v0000015E5D129340_0;
    %ix/load 4, 0, 0; Constant delay
    %assign/vec4/a/d v0000015E5D17E650, 0, 4;
T_2.4 ; for-loop step statement
    %load/vec4 v0000015E5D129340_0;
    %addi 1, 0, 32;
    %store/vec4 v0000015E5D129340_0, 0, 32;
    %jmp T_2.2;
T_2.3 ; for-loop exit label
    %jmp T_2.1;
T_2.0 ;
    %load/vec4 v0000015E5D17E510_0;
    %flag_set/vec4 9;
    %flag_get/vec4 9;
    %jmp/0 T_2.7, 9;
    %load/vec4 v0000015E5D17D250_0;
    %pushi/vec4 0, 0, 5;
    %cmp/ne;
    %flag_get/vec4 4;
    %and;
T_2.7;
    %flag_set/vec4 8;
    %jmp/0xz  T_2.5, 8;
    %load/vec4 v0000015E5D17CB70_0;
    %load/vec4 v0000015E5D17D250_0;
    %pad/u 7;
    %ix/vec4 3;
    %ix/load 4, 0, 0; Constant delay
    %assign/vec4/a/d v0000015E5D17E650, 0, 4;
T_2.5 ;
T_2.1 ;
    %jmp T_2;
    .thread T_2;
    .scope S_0000015E5D0EB850;
T_3 ;
    %wait E_0000015E5D137590;
    %load/vec4 v0000015E5D139BA0_0;
    %parti/s 7, 0, 2;
    %dup/vec4;
    %pushi/vec4 19, 0, 7;
    %cmp/e;
    %jmp/1 T_3.0, 6;
    %dup/vec4;
    %pushi/vec4 3, 0, 7;
    %cmp/e;
    %jmp/1 T_3.1, 6;
    %dup/vec4;
    %pushi/vec4 35, 0, 7;
    %cmp/e;
    %jmp/1 T_3.2, 6;
    %dup/vec4;
    %pushi/vec4 99, 0, 7;
    %cmp/e;
    %jmp/1 T_3.3, 6;
    %pushi/vec4 0, 0, 32;
    %store/vec4 v0000015E5D13A820_0, 0, 32;
    %jmp T_3.5;
T_3.0 ;
    %load/vec4 v0000015E5D139BA0_0;
    %parti/s 1, 31, 6;
    %replicate 20;
    %load/vec4 v0000015E5D139BA0_0;
    %parti/s 12, 20, 6;
    %concat/vec4; draw_concat_vec4
    %store/vec4 v0000015E5D13A820_0, 0, 32;
    %jmp T_3.5;
T_3.1 ;
    %load/vec4 v0000015E5D139BA0_0;
    %parti/s 1, 31, 6;
    %replicate 20;
    %load/vec4 v0000015E5D139BA0_0;
    %parti/s 12, 20, 6;
    %concat/vec4; draw_concat_vec4
    %store/vec4 v0000015E5D13A820_0, 0, 32;
    %jmp T_3.5;
T_3.2 ;
    %load/vec4 v0000015E5D139BA0_0;
    %parti/s 1, 31, 6;
    %replicate 20;
    %load/vec4 v0000015E5D139BA0_0;
    %parti/s 7, 25, 6;
    %concat/vec4; draw_concat_vec4
    %load/vec4 v0000015E5D139BA0_0;
    %parti/s 5, 7, 4;
    %concat/vec4; draw_concat_vec4
    %store/vec4 v0000015E5D13A820_0, 0, 32;
    %jmp T_3.5;
T_3.3 ;
    %load/vec4 v0000015E5D139BA0_0;
    %parti/s 1, 31, 6;
    %replicate 19;
    %load/vec4 v0000015E5D139BA0_0;
    %parti/s 1, 31, 6;
    %concat/vec4; draw_concat_vec4
    %load/vec4 v0000015E5D139BA0_0;
    %parti/s 1, 7, 4;
    %concat/vec4; draw_concat_vec4
    %load/vec4 v0000015E5D139BA0_0;
    %parti/s 6, 25, 6;
    %concat/vec4; draw_concat_vec4
    %load/vec4 v0000015E5D139BA0_0;
    %parti/s 4, 8, 5;
    %concat/vec4; draw_concat_vec4
    %concati/vec4 0, 0, 1;
    %store/vec4 v0000015E5D13A820_0, 0, 32;
    %jmp T_3.5;
T_3.5 ;
    %pop/vec4 1;
    %jmp T_3;
    .thread T_3, $push;
    .scope S_0000015E5D0EB530;
T_4 ;
    %wait E_0000015E5D137510;
    %load/vec4 v0000015E5D13B040_0;
    %dup/vec4;
    %pushi/vec4 0, 0, 4;
    %cmp/e;
    %jmp/1 T_4.0, 6;
    %dup/vec4;
    %pushi/vec4 1, 0, 4;
    %cmp/e;
    %jmp/1 T_4.1, 6;
    %dup/vec4;
    %pushi/vec4 2, 0, 4;
    %cmp/e;
    %jmp/1 T_4.2, 6;
    %dup/vec4;
    %pushi/vec4 3, 0, 4;
    %cmp/e;
    %jmp/1 T_4.3, 6;
    %dup/vec4;
    %pushi/vec4 4, 0, 4;
    %cmp/e;
    %jmp/1 T_4.4, 6;
    %dup/vec4;
    %pushi/vec4 5, 0, 4;
    %cmp/e;
    %jmp/1 T_4.5, 6;
    %dup/vec4;
    %pushi/vec4 6, 0, 4;
    %cmp/e;
    %jmp/1 T_4.6, 6;
    %dup/vec4;
    %pushi/vec4 7, 0, 4;
    %cmp/e;
    %jmp/1 T_4.7, 6;
    %dup/vec4;
    %pushi/vec4 8, 0, 4;
    %cmp/e;
    %jmp/1 T_4.8, 6;
    %dup/vec4;
    %pushi/vec4 9, 0, 4;
    %cmp/e;
    %jmp/1 T_4.9, 6;
    %pushi/vec4 0, 0, 32;
    %store/vec4 v0000015E5D13A280_0, 0, 32;
    %jmp T_4.11;
T_4.0 ;
    %load/vec4 v0000015E5D13AD20_0;
    %load/vec4 v0000015E5D13A000_0;
    %add;
    %store/vec4 v0000015E5D13A280_0, 0, 32;
    %jmp T_4.11;
T_4.1 ;
    %load/vec4 v0000015E5D13AD20_0;
    %load/vec4 v0000015E5D13A000_0;
    %sub;
    %store/vec4 v0000015E5D13A280_0, 0, 32;
    %jmp T_4.11;
T_4.2 ;
    %load/vec4 v0000015E5D13AD20_0;
    %load/vec4 v0000015E5D13A000_0;
    %and;
    %store/vec4 v0000015E5D13A280_0, 0, 32;
    %jmp T_4.11;
T_4.3 ;
    %load/vec4 v0000015E5D13AD20_0;
    %load/vec4 v0000015E5D13A000_0;
    %or;
    %store/vec4 v0000015E5D13A280_0, 0, 32;
    %jmp T_4.11;
T_4.4 ;
    %load/vec4 v0000015E5D13AD20_0;
    %load/vec4 v0000015E5D13A000_0;
    %xor;
    %store/vec4 v0000015E5D13A280_0, 0, 32;
    %jmp T_4.11;
T_4.5 ;
    %load/vec4 v0000015E5D13AD20_0;
    %load/vec4 v0000015E5D13A000_0;
    %parti/s 5, 0, 2;
    %ix/vec4 4;
    %shiftl 4;
    %store/vec4 v0000015E5D13A280_0, 0, 32;
    %jmp T_4.11;
T_4.6 ;
    %load/vec4 v0000015E5D13AD20_0;
    %load/vec4 v0000015E5D13A000_0;
    %parti/s 5, 0, 2;
    %ix/vec4 4;
    %shiftr 4;
    %store/vec4 v0000015E5D13A280_0, 0, 32;
    %jmp T_4.11;
T_4.7 ;
    %load/vec4 v0000015E5D13AD20_0;
    %load/vec4 v0000015E5D13A000_0;
    %parti/s 5, 0, 2;
    %ix/vec4 4;
    %shiftr/s 4;
    %store/vec4 v0000015E5D13A280_0, 0, 32;
    %jmp T_4.11;
T_4.8 ;
    %load/vec4 v0000015E5D13AD20_0;
    %load/vec4 v0000015E5D13A000_0;
    %cmp/s;
    %flag_mov 8, 5;
    %jmp/0 T_4.12, 8;
    %pushi/vec4 1, 0, 32;
    %jmp/1 T_4.13, 8;
T_4.12 ; End of true expr.
    %pushi/vec4 0, 0, 32;
    %jmp/0 T_4.13, 8;
 ; End of false expr.
    %blend;
T_4.13;
    %store/vec4 v0000015E5D13A280_0, 0, 32;
    %jmp T_4.11;
T_4.9 ;
    %load/vec4 v0000015E5D13AD20_0;
    %load/vec4 v0000015E5D13A000_0;
    %cmp/u;
    %flag_mov 8, 5;
    %jmp/0 T_4.14, 8;
    %pushi/vec4 1, 0, 32;
    %jmp/1 T_4.15, 8;
T_4.14 ; End of true expr.
    %pushi/vec4 0, 0, 32;
    %jmp/0 T_4.15, 8;
 ; End of false expr.
    %blend;
T_4.15;
    %store/vec4 v0000015E5D13A280_0, 0, 32;
    %jmp T_4.11;
T_4.11 ;
    %pop/vec4 1;
    %jmp T_4;
    .thread T_4, $push;
    .scope S_0000015E5D17ECC0;
T_5 ;
    %vpi_call 11 10 "$readmemh", "../firmware/program.hex", v0000015E5D17D430 {0 0 0};
    %end;
    .thread T_5;
    .scope S_0000015E5D17ECC0;
T_6 ;
    %wait E_0000015E5D137E10;
    %load/vec4 v0000015E5D26E560_0;
    %flag_set/vec4 8;
    %jmp/0xz  T_6.0, 8;
    %load/vec4 v0000015E5D17D7F0_0;
    %load/vec4 v0000015E5D17D750_0;
    %parti/s 10, 2, 3;
    %pad/u 12;
    %ix/vec4 3;
    %ix/load 4, 0, 0; Constant delay
    %assign/vec4/a/d v0000015E5D17D430, 0, 4;
T_6.0 ;
    %jmp T_6;
    .thread T_6;
    .scope S_0000015E5D106150;
T_7 ;
    %wait E_0000015E5D137B90;
    %load/vec4 v0000015E5D17E1F0_0;
    %dup/vec4;
    %pushi/vec4 0, 0, 4;
    %cmp/e;
    %jmp/1 T_7.0, 6;
    %dup/vec4;
    %pushi/vec4 1, 0, 4;
    %cmp/e;
    %jmp/1 T_7.1, 6;
    %dup/vec4;
    %pushi/vec4 2, 0, 4;
    %cmp/e;
    %jmp/1 T_7.2, 6;
    %dup/vec4;
    %pushi/vec4 3, 0, 4;
    %cmp/e;
    %jmp/1 T_7.3, 6;
    %dup/vec4;
    %pushi/vec4 4, 0, 4;
    %cmp/e;
    %jmp/1 T_7.4, 6;
    %dup/vec4;
    %pushi/vec4 5, 0, 4;
    %cmp/e;
    %jmp/1 T_7.5, 6;
    %dup/vec4;
    %pushi/vec4 6, 0, 4;
    %cmp/e;
    %jmp/1 T_7.6, 6;
    %dup/vec4;
    %pushi/vec4 7, 0, 4;
    %cmp/e;
    %jmp/1 T_7.7, 6;
    %dup/vec4;
    %pushi/vec4 8, 0, 4;
    %cmp/e;
    %jmp/1 T_7.8, 6;
    %dup/vec4;
    %pushi/vec4 9, 0, 4;
    %cmp/e;
    %jmp/1 T_7.9, 6;
    %dup/vec4;
    %pushi/vec4 10, 0, 4;
    %cmp/e;
    %jmp/1 T_7.10, 6;
    %dup/vec4;
    %pushi/vec4 11, 0, 4;
    %cmp/e;
    %jmp/1 T_7.11, 6;
    %dup/vec4;
    %pushi/vec4 12, 0, 4;
    %cmp/e;
    %jmp/1 T_7.12, 6;
    %dup/vec4;
    %pushi/vec4 13, 0, 4;
    %cmp/e;
    %jmp/1 T_7.13, 6;
    %dup/vec4;
    %pushi/vec4 14, 0, 4;
    %cmp/e;
    %jmp/1 T_7.14, 6;
    %dup/vec4;
    %pushi/vec4 15, 0, 4;
    %cmp/e;
    %jmp/1 T_7.15, 6;
    %pushi/vec4 127, 0, 7;
    %store/vec4 v0000015E5D17E790_0, 0, 7;
    %jmp T_7.17;
T_7.0 ;
    %pushi/vec4 64, 0, 7;
    %store/vec4 v0000015E5D17E790_0, 0, 7;
    %jmp T_7.17;
T_7.1 ;
    %pushi/vec4 121, 0, 7;
    %store/vec4 v0000015E5D17E790_0, 0, 7;
    %jmp T_7.17;
T_7.2 ;
    %pushi/vec4 36, 0, 7;
    %store/vec4 v0000015E5D17E790_0, 0, 7;
    %jmp T_7.17;
T_7.3 ;
    %pushi/vec4 48, 0, 7;
    %store/vec4 v0000015E5D17E790_0, 0, 7;
    %jmp T_7.17;
T_7.4 ;
    %pushi/vec4 25, 0, 7;
    %store/vec4 v0000015E5D17E790_0, 0, 7;
    %jmp T_7.17;
T_7.5 ;
    %pushi/vec4 18, 0, 7;
    %store/vec4 v0000015E5D17E790_0, 0, 7;
    %jmp T_7.17;
T_7.6 ;
    %pushi/vec4 2, 0, 7;
    %store/vec4 v0000015E5D17E790_0, 0, 7;
    %jmp T_7.17;
T_7.7 ;
    %pushi/vec4 120, 0, 7;
    %store/vec4 v0000015E5D17E790_0, 0, 7;
    %jmp T_7.17;
T_7.8 ;
    %pushi/vec4 0, 0, 7;
    %store/vec4 v0000015E5D17E790_0, 0, 7;
    %jmp T_7.17;
T_7.9 ;
    %pushi/vec4 16, 0, 7;
    %store/vec4 v0000015E5D17E790_0, 0, 7;
    %jmp T_7.17;
T_7.10 ;
    %pushi/vec4 8, 0, 7;
    %store/vec4 v0000015E5D17E790_0, 0, 7;
    %jmp T_7.17;
T_7.11 ;
    %pushi/vec4 3, 0, 7;
    %store/vec4 v0000015E5D17E790_0, 0, 7;
    %jmp T_7.17;
T_7.12 ;
    %pushi/vec4 70, 0, 7;
    %store/vec4 v0000015E5D17E790_0, 0, 7;
    %jmp T_7.17;
T_7.13 ;
    %pushi/vec4 33, 0, 7;
    %store/vec4 v0000015E5D17E790_0, 0, 7;
    %jmp T_7.17;
T_7.14 ;
    %pushi/vec4 6, 0, 7;
    %store/vec4 v0000015E5D17E790_0, 0, 7;
    %jmp T_7.17;
T_7.15 ;
    %pushi/vec4 14, 0, 7;
    %store/vec4 v0000015E5D17E790_0, 0, 7;
    %jmp T_7.17;
T_7.17 ;
    %pop/vec4 1;
    %jmp T_7;
    .thread T_7, $push;
    .scope S_0000015E5D17EB30;
T_8 ;
    %wait E_0000015E5D1378D0;
    %load/vec4 v0000015E5D17D6B0_0;
    %dup/vec4;
    %pushi/vec4 0, 0, 4;
    %cmp/e;
    %jmp/1 T_8.0, 6;
    %dup/vec4;
    %pushi/vec4 1, 0, 4;
    %cmp/e;
    %jmp/1 T_8.1, 6;
    %dup/vec4;
    %pushi/vec4 2, 0, 4;
    %cmp/e;
    %jmp/1 T_8.2, 6;
    %dup/vec4;
    %pushi/vec4 3, 0, 4;
    %cmp/e;
    %jmp/1 T_8.3, 6;
    %dup/vec4;
    %pushi/vec4 4, 0, 4;
    %cmp/e;
    %jmp/1 T_8.4, 6;
    %dup/vec4;
    %pushi/vec4 5, 0, 4;
    %cmp/e;
    %jmp/1 T_8.5, 6;
    %dup/vec4;
    %pushi/vec4 6, 0, 4;
    %cmp/e;
    %jmp/1 T_8.6, 6;
    %dup/vec4;
    %pushi/vec4 7, 0, 4;
    %cmp/e;
    %jmp/1 T_8.7, 6;
    %dup/vec4;
    %pushi/vec4 8, 0, 4;
    %cmp/e;
    %jmp/1 T_8.8, 6;
    %dup/vec4;
    %pushi/vec4 9, 0, 4;
    %cmp/e;
    %jmp/1 T_8.9, 6;
    %dup/vec4;
    %pushi/vec4 10, 0, 4;
    %cmp/e;
    %jmp/1 T_8.10, 6;
    %dup/vec4;
    %pushi/vec4 11, 0, 4;
    %cmp/e;
    %jmp/1 T_8.11, 6;
    %dup/vec4;
    %pushi/vec4 12, 0, 4;
    %cmp/e;
    %jmp/1 T_8.12, 6;
    %dup/vec4;
    %pushi/vec4 13, 0, 4;
    %cmp/e;
    %jmp/1 T_8.13, 6;
    %dup/vec4;
    %pushi/vec4 14, 0, 4;
    %cmp/e;
    %jmp/1 T_8.14, 6;
    %dup/vec4;
    %pushi/vec4 15, 0, 4;
    %cmp/e;
    %jmp/1 T_8.15, 6;
    %pushi/vec4 127, 0, 7;
    %store/vec4 v0000015E5D17E970_0, 0, 7;
    %jmp T_8.17;
T_8.0 ;
    %pushi/vec4 64, 0, 7;
    %store/vec4 v0000015E5D17E970_0, 0, 7;
    %jmp T_8.17;
T_8.1 ;
    %pushi/vec4 121, 0, 7;
    %store/vec4 v0000015E5D17E970_0, 0, 7;
    %jmp T_8.17;
T_8.2 ;
    %pushi/vec4 36, 0, 7;
    %store/vec4 v0000015E5D17E970_0, 0, 7;
    %jmp T_8.17;
T_8.3 ;
    %pushi/vec4 48, 0, 7;
    %store/vec4 v0000015E5D17E970_0, 0, 7;
    %jmp T_8.17;
T_8.4 ;
    %pushi/vec4 25, 0, 7;
    %store/vec4 v0000015E5D17E970_0, 0, 7;
    %jmp T_8.17;
T_8.5 ;
    %pushi/vec4 18, 0, 7;
    %store/vec4 v0000015E5D17E970_0, 0, 7;
    %jmp T_8.17;
T_8.6 ;
    %pushi/vec4 2, 0, 7;
    %store/vec4 v0000015E5D17E970_0, 0, 7;
    %jmp T_8.17;
T_8.7 ;
    %pushi/vec4 120, 0, 7;
    %store/vec4 v0000015E5D17E970_0, 0, 7;
    %jmp T_8.17;
T_8.8 ;
    %pushi/vec4 0, 0, 7;
    %store/vec4 v0000015E5D17E970_0, 0, 7;
    %jmp T_8.17;
T_8.9 ;
    %pushi/vec4 16, 0, 7;
    %store/vec4 v0000015E5D17E970_0, 0, 7;
    %jmp T_8.17;
T_8.10 ;
    %pushi/vec4 8, 0, 7;
    %store/vec4 v0000015E5D17E970_0, 0, 7;
    %jmp T_8.17;
T_8.11 ;
    %pushi/vec4 3, 0, 7;
    %store/vec4 v0000015E5D17E970_0, 0, 7;
    %jmp T_8.17;
T_8.12 ;
    %pushi/vec4 70, 0, 7;
    %store/vec4 v0000015E5D17E970_0, 0, 7;
    %jmp T_8.17;
T_8.13 ;
    %pushi/vec4 33, 0, 7;
    %store/vec4 v0000015E5D17E970_0, 0, 7;
    %jmp T_8.17;
T_8.14 ;
    %pushi/vec4 6, 0, 7;
    %store/vec4 v0000015E5D17E970_0, 0, 7;
    %jmp T_8.17;
T_8.15 ;
    %pushi/vec4 14, 0, 7;
    %store/vec4 v0000015E5D17E970_0, 0, 7;
    %jmp T_8.17;
T_8.17 ;
    %pop/vec4 1;
    %jmp T_8;
    .thread T_8, $push;
    .scope S_0000015E5D0AC3D0;
T_9 ;
    %wait E_0000015E5D138410;
    %load/vec4 v0000015E5D26C9E0_0;
    %flag_set/vec4 8;
    %jmp/0xz  T_9.0, 8;
    %pushi/vec4 0, 0, 10;
    %assign/vec4 v0000015E5D26E1A0_0, 0;
    %pushi/vec4 0, 0, 32;
    %assign/vec4 v0000015E5D26C940_0, 0;
    %jmp T_9.1;
T_9.0 ;
    %load/vec4 v0000015E5D26E740_0;
    %flag_set/vec4 8;
    %jmp/0xz  T_9.2, 8;
    %load/vec4 v0000015E5D26D3E0_0;
    %cmpi/e 2147483648, 0, 32;
    %jmp/0xz  T_9.4, 4;
    %load/vec4 v0000015E5D26E6A0_0;
    %parti/s 10, 0, 2;
    %assign/vec4 v0000015E5D26E1A0_0, 0;
    %jmp T_9.5;
T_9.4 ;
    %load/vec4 v0000015E5D26D3E0_0;
    %cmpi/e 2147483652, 0, 32;
    %jmp/0xz  T_9.6, 4;
    %load/vec4 v0000015E5D26E6A0_0;
    %assign/vec4 v0000015E5D26C940_0, 0;
T_9.6 ;
T_9.5 ;
T_9.2 ;
T_9.1 ;
    %jmp T_9;
    .thread T_9;
    .scope S_0000015E5D0AC240;
T_10 ;
    %delay 10000, 0;
    %load/vec4 v0000015E5D26CD00_0;
    %inv;
    %store/vec4 v0000015E5D26CD00_0, 0, 1;
    %jmp T_10;
    .thread T_10;
    .scope S_0000015E5D0AC240;
T_11 ;
    %vpi_call 2 23 "$dumpfile", "dump.vcd" {0 0 0};
    %vpi_call 2 24 "$dumpvars", 32'sb00000000000000000000000000000000, S_0000015E5D0AC240 {0 0 0};
    %pushi/vec4 0, 0, 1;
    %store/vec4 v0000015E5D26CD00_0, 0, 1;
    %pushi/vec4 2, 0, 2;
    %store/vec4 v0000015E5D26E100_0, 0, 2;
    %pushi/vec4 0, 0, 10;
    %store/vec4 v0000015E5D26CC60_0, 0, 10;
    %delay 40000, 0;
    %pushi/vec4 1, 0, 1;
    %ix/load 4, 0, 0;
    %flag_set/imm 4, 0;
    %store/vec4 v0000015E5D26E100_0, 4, 1;
    %delay 5000000, 0;
    %vpi_call 2 32 "$finish" {0 0 0};
    %end;
    .thread T_11;
# The file index is used to find the file name in the following table.
:file_names 12;
    "N/A";
    "<interactive>";
    "tb_soc_top.v";
    "../rtl/soc_top.v";
    "../rtl/core/riscv_top.v";
    "../rtl/core/alu.v";
    "../rtl/core/control_unit.v";
    "../rtl/core/imm_gen.v";
    "../rtl/core/pc.v";
    "../rtl/core/reg_file.v";
    "../rtl/peripherals/hex_decoder.v";
    "../rtl/memory/memory.v";
